<!doctype html public "-//w3c//dtd html 4.0 transitional//en">
<html><head>
<title>Static Call Graph - [.\obj\bk3633_boot.axf]</title></head>
<body><HR>
<H1>Static Call Graph for image .\obj\bk3633_boot.axf</H1><HR>
<BR><P>#&#060CALLGRAPH&#062# ARM Linker, 5060750: Last Updated: Thu Dec 23 10:13:39 2021
<BR><P>
<H3>Maximum Stack Usage =          0 bytes + Unknown(Untraceable Function Pointers)</H3><H3>
Call chain for Maximum Stack Depth:</H3>

<P>
<H3>
Function Pointers
</H3><UL>
 <LI><a href="#[4]">DataAbort</a> from bim_vectors.o(SYS_BOOT) referenced from bim_vectors.o(SYS_BOOT)
 <LI><a href="#[7]">FIQ_Handler</a> from bim_vectors.o(SYS_BOOT) referenced from bim_vectors.o(SYS_BOOT)
 <LI><a href="#[6]">IRQ_Handler</a> from bim_vectors.o(SYS_BOOT) referenced from bim_vectors.o(SYS_BOOT)
 <LI><a href="#[3]">PrefetchAbort</a> from bim_vectors.o(SYS_BOOT) referenced from bim_vectors.o(SYS_BOOT)
 <LI><a href="#[2]">SoftwareInterrupt</a> from bim_vectors.o(SYS_BOOT) referenced from bim_vectors.o(SYS_BOOT)
 <LI><a href="#[1]">Undefined</a> from bim_vectors.o(SYS_BOOT) referenced from bim_vectors.o(SYS_BOOT)
 <LI><a href="#[8]">sys_Reset</a> from bim_handlers.o(SYS_BOOT) referenced from bim_vectors.o(SYS_BOOT)
 <LI><a href="#[5]">sys_reserved</a> from bim_vectors.o(SYS_BOOT) referenced from bim_vectors.o(SYS_BOOT)
</UL>
<P>
<H3>
Global Symbols
</H3>
<P><STRONG><a name="[9]"></a>vectors</STRONG> (ARM, 0 bytes, Stack size 0 bytes, bim_vectors.o(SYS_BOOT))

<P><STRONG><a name="[8]"></a>sys_Reset</STRONG> (ARM, 0 bytes, Stack size 0 bytes, bim_handlers.o(SYS_BOOT))
<BR><BR>[Calls]<UL><LI><a href="#[26]">&gt;&gt;</a>&nbsp;&nbsp;&nbsp;bim_main (via Veneer)
</UL>

<P><STRONG><a name="[3c]"></a>__aeabi_uidivmod</STRONG> (Thumb, 44 bytes, Stack size 0 bytes, uidiv.o(.text))
<BR><BR>[Called By]<UL><LI><a href="#[3d]">&gt;&gt;</a>&nbsp;&nbsp;&nbsp;uart2_init
<LI><a href="#[29]">&gt;&gt;</a>&nbsp;&nbsp;&nbsp;uart0_init
</UL>

<P><STRONG><a name="[b]"></a>__aeabi_memset</STRONG> (Thumb, 16 bytes, Stack size 0 bytes, memseta.o(.text))
<BR><BR>[Called By]<UL><LI><a href="#[c]">&gt;&gt;</a>&nbsp;&nbsp;&nbsp;_memset$wrapper
<LI><a href="#[a]">&gt;&gt;</a>&nbsp;&nbsp;&nbsp;__aeabi_memclr
<LI><a href="#[3a]">&gt;&gt;</a>&nbsp;&nbsp;&nbsp;flash_write_page_data
<LI><a href="#[39]">&gt;&gt;</a>&nbsp;&nbsp;&nbsp;flash_write_data
</UL>

<P><STRONG><a name="[a]"></a>__aeabi_memclr</STRONG> (Thumb, 4 bytes, Stack size 0 bytes, memseta.o(.text), UNUSED)
<BR><BR>[Calls]<UL><LI><a href="#[b]">&gt;&gt;</a>&nbsp;&nbsp;&nbsp;__aeabi_memset
</UL>

<P><STRONG><a name="[c]"></a>_memset$wrapper</STRONG> (Thumb, 18 bytes, Stack size 0 bytes, memseta.o(.text), UNUSED)
<BR><BR>[Calls]<UL><LI><a href="#[b]">&gt;&gt;</a>&nbsp;&nbsp;&nbsp;__aeabi_memset
</UL>

<P><STRONG><a name="[17]"></a>__aeabi_uread4</STRONG> (Thumb, 20 bytes, Stack size 0 bytes, uread4.o(.text))
<BR><BR>[Called By]<UL><LI><a href="#[18]">&gt;&gt;</a>&nbsp;&nbsp;&nbsp;calc_backup_sec_crc
<LI><a href="#[2f]">&gt;&gt;</a>&nbsp;&nbsp;&nbsp;bim_updata_backup_to_image_sec
<LI><a href="#[1b]">&gt;&gt;</a>&nbsp;&nbsp;&nbsp;bim_erase_image_sec
<LI><a href="#[15]">&gt;&gt;</a>&nbsp;&nbsp;&nbsp;bim_check_backup_sec_status
</UL>

<P><STRONG><a name="[d]"></a>DataAbort_Exception</STRONG> (Thumb, 8 bytes, Stack size 0 bytes, bim_intc.o(i.DataAbort_Exception))
<BR><BR>[Calls]<UL><LI><a href="#[e]">&gt;&gt;</a>&nbsp;&nbsp;&nbsp;wdt_enable
</UL>
<BR>[Called By]<UL><LI><a href="#[4]">&gt;&gt;</a>&nbsp;&nbsp;&nbsp;DataAbort (via Veneer)
</UL>

<P><STRONG><a name="[f]"></a>Irq_Exception</STRONG> (ARM, 12 bytes, Stack size 0 bytes, bim_intc.o(i.Irq_Exception))
<BR><BR>[Calls]<UL><LI><a href="#[10]">&gt;&gt;</a>&nbsp;&nbsp;&nbsp;bim_printf (via Veneer)
</UL>
<BR>[Called By]<UL><LI><a href="#[6]">&gt;&gt;</a>&nbsp;&nbsp;&nbsp;IRQ_Handler
</UL>

<P><STRONG><a name="[11]"></a>PrefetchAbort_Exception</STRONG> (Thumb, 8 bytes, Stack size 0 bytes, bim_intc.o(i.PrefetchAbort_Exception))
<BR><BR>[Calls]<UL><LI><a href="#[e]">&gt;&gt;</a>&nbsp;&nbsp;&nbsp;wdt_enable
</UL>
<BR>[Called By]<UL><LI><a href="#[3]">&gt;&gt;</a>&nbsp;&nbsp;&nbsp;PrefetchAbort (via Veneer)
</UL>

<P><STRONG><a name="[12]"></a>Reserved_Exception</STRONG> (Thumb, 8 bytes, Stack size 0 bytes, bim_intc.o(i.Reserved_Exception), UNUSED)
<BR><BR>[Calls]<UL><LI><a href="#[e]">&gt;&gt;</a>&nbsp;&nbsp;&nbsp;wdt_enable
</UL>

<P><STRONG><a name="[13]"></a>SoftwareInterrupt_Exception</STRONG> (Thumb, 8 bytes, Stack size 0 bytes, bim_intc.o(i.SoftwareInterrupt_Exception))
<BR><BR>[Calls]<UL><LI><a href="#[e]">&gt;&gt;</a>&nbsp;&nbsp;&nbsp;wdt_enable
</UL>
<BR>[Called By]<UL><LI><a href="#[2]">&gt;&gt;</a>&nbsp;&nbsp;&nbsp;SoftwareInterrupt (via Veneer)
</UL>

<P><STRONG><a name="[14]"></a>Undefined_Exception</STRONG> (Thumb, 8 bytes, Stack size 0 bytes, bim_intc.o(i.Undefined_Exception), UNUSED)
<BR><BR>[Calls]<UL><LI><a href="#[e]">&gt;&gt;</a>&nbsp;&nbsp;&nbsp;wdt_enable
</UL>

<P><STRONG><a name="[32]"></a>__ARM_common_disable_fiq</STRONG> (ARM, 20 bytes, Stack size 0 bytes, bim_flash.o(i.__ARM_common_disable_fiq))
<BR><BR>[Called By]<UL><LI><a href="#[1a]">&gt;&gt;</a>&nbsp;&nbsp;&nbsp;flash_write (via BLX)
<LI><a href="#[1f]">&gt;&gt;</a>&nbsp;&nbsp;&nbsp;flash_read (via BLX)
<LI><a href="#[1e]">&gt;&gt;</a>&nbsp;&nbsp;&nbsp;flash_erase_sector (via BLX)
</UL>

<P><STRONG><a name="[33]"></a>__ARM_common_disable_irq</STRONG> (ARM, 20 bytes, Stack size 0 bytes, bim_flash.o(i.__ARM_common_disable_irq))
<BR><BR>[Called By]<UL><LI><a href="#[1a]">&gt;&gt;</a>&nbsp;&nbsp;&nbsp;flash_write (via BLX)
<LI><a href="#[1f]">&gt;&gt;</a>&nbsp;&nbsp;&nbsp;flash_read (via BLX)
<LI><a href="#[1e]">&gt;&gt;</a>&nbsp;&nbsp;&nbsp;flash_erase_sector (via BLX)
</UL>

<P><STRONG><a name="[34]"></a>__ARM_common_enable_fiq</STRONG> (ARM, 16 bytes, Stack size 0 bytes, bim_flash.o(i.__ARM_common_enable_fiq))
<BR><BR>[Called By]<UL><LI><a href="#[1a]">&gt;&gt;</a>&nbsp;&nbsp;&nbsp;flash_write (via BLX)
<LI><a href="#[1f]">&gt;&gt;</a>&nbsp;&nbsp;&nbsp;flash_read (via BLX)
<LI><a href="#[1e]">&gt;&gt;</a>&nbsp;&nbsp;&nbsp;flash_erase_sector (via BLX)
</UL>

<P><STRONG><a name="[35]"></a>__ARM_common_enable_irq</STRONG> (ARM, 16 bytes, Stack size 0 bytes, bim_flash.o(i.__ARM_common_enable_irq))
<BR><BR>[Called By]<UL><LI><a href="#[1a]">&gt;&gt;</a>&nbsp;&nbsp;&nbsp;flash_write (via BLX)
<LI><a href="#[1f]">&gt;&gt;</a>&nbsp;&nbsp;&nbsp;flash_read (via BLX)
<LI><a href="#[1e]">&gt;&gt;</a>&nbsp;&nbsp;&nbsp;flash_erase_sector (via BLX)
</UL>

<P><STRONG><a name="[15]"></a>bim_check_backup_sec_status</STRONG> (Thumb, 118 bytes, Stack size 0 bytes, bim_updataimage.o(i.bim_check_backup_sec_status))
<BR><BR>[Calls]<UL><LI><a href="#[17]">&gt;&gt;</a>&nbsp;&nbsp;&nbsp;__aeabi_uread4
<LI><a href="#[18]">&gt;&gt;</a>&nbsp;&nbsp;&nbsp;calc_backup_sec_crc
<LI><a href="#[16]">&gt;&gt;</a>&nbsp;&nbsp;&nbsp;bim_get_psec_backup_header
<LI><a href="#[10]">&gt;&gt;</a>&nbsp;&nbsp;&nbsp;bim_printf
</UL>
<BR>[Called By]<UL><LI><a href="#[2a]">&gt;&gt;</a>&nbsp;&nbsp;&nbsp;bim_select_sec
</UL>

<P><STRONG><a name="[19]"></a>bim_clear_magic_num</STRONG> (Thumb, 18 bytes, Stack size 0 bytes, bim_updataimage.o(i.bim_clear_magic_num))
<BR><BR>[Calls]<UL><LI><a href="#[1a]">&gt;&gt;</a>&nbsp;&nbsp;&nbsp;flash_write
</UL>
<BR>[Called By]<UL><LI><a href="#[2a]">&gt;&gt;</a>&nbsp;&nbsp;&nbsp;bim_select_sec
</UL>

<P><STRONG><a name="[1b]"></a>bim_erase_image_sec</STRONG> (Thumb, 26 bytes, Stack size 0 bytes, bim_updataimage.o(i.bim_erase_image_sec))
<BR><BR>[Calls]<UL><LI><a href="#[17]">&gt;&gt;</a>&nbsp;&nbsp;&nbsp;__aeabi_uread4
<LI><a href="#[1c]">&gt;&gt;</a>&nbsp;&nbsp;&nbsp;flash_erase
</UL>
<BR>[Called By]<UL><LI><a href="#[2a]">&gt;&gt;</a>&nbsp;&nbsp;&nbsp;bim_select_sec
</UL>

<P><STRONG><a name="[1d]"></a>bim_flash_erase_part_sector</STRONG> (Thumb, 184 bytes, Stack size 0 bytes, bim_flash.o(i.bim_flash_erase_part_sector))
<BR><BR>[Calls]<UL><LI><a href="#[1a]">&gt;&gt;</a>&nbsp;&nbsp;&nbsp;flash_write
<LI><a href="#[1f]">&gt;&gt;</a>&nbsp;&nbsp;&nbsp;flash_read
<LI><a href="#[1e]">&gt;&gt;</a>&nbsp;&nbsp;&nbsp;flash_erase_sector
</UL>
<BR>[Called By]<UL><LI><a href="#[1c]">&gt;&gt;</a>&nbsp;&nbsp;&nbsp;flash_erase
</UL>

<P><STRONG><a name="[20]"></a>bim_flash_init</STRONG> (Thumb, 20 bytes, Stack size 0 bytes, bim_flash.o(i.bim_flash_init))
<BR><BR>[Calls]<UL><LI><a href="#[21]">&gt;&gt;</a>&nbsp;&nbsp;&nbsp;get_flash_ID
<LI><a href="#[23]">&gt;&gt;</a>&nbsp;&nbsp;&nbsp;flash_wp_ALL
<LI><a href="#[22]">&gt;&gt;</a>&nbsp;&nbsp;&nbsp;flash_set_dual_mode
</UL>
<BR>[Called By]<UL><LI><a href="#[26]">&gt;&gt;</a>&nbsp;&nbsp;&nbsp;bim_main
</UL>

<P><STRONG><a name="[16]"></a>bim_get_psec_backup_header</STRONG> (Thumb, 40 bytes, Stack size 0 bytes, bim_updataimage.o(i.bim_get_psec_backup_header))
<BR><BR>[Calls]<UL><LI><a href="#[1f]">&gt;&gt;</a>&nbsp;&nbsp;&nbsp;flash_read
</UL>
<BR>[Called By]<UL><LI><a href="#[15]">&gt;&gt;</a>&nbsp;&nbsp;&nbsp;bim_check_backup_sec_status
</UL>

<P><STRONG><a name="[25]"></a>bim_gpio_set</STRONG> (Thumb, 34 bytes, Stack size 0 bytes, bim_gpio.o(i.bim_gpio_set), UNUSED)
<BR><BR>[Called By]<UL><LI><a href="#[24]">&gt;&gt;</a>&nbsp;&nbsp;&nbsp;bim_gpio_triger
</UL>

<P><STRONG><a name="[24]"></a>bim_gpio_triger</STRONG> (Thumb, 20 bytes, Stack size 0 bytes, bim_gpio.o(i.bim_gpio_triger), UNUSED)
<BR><BR>[Calls]<UL><LI><a href="#[25]">&gt;&gt;</a>&nbsp;&nbsp;&nbsp;bim_gpio_set
</UL>

<P><STRONG><a name="[26]"></a>bim_main</STRONG> (Thumb, 54 bytes, Stack size 0 bytes, bim_app.o(i.bim_main))
<BR><BR>[Calls]<UL><LI><a href="#[27]">&gt;&gt;</a>&nbsp;&nbsp;&nbsp;wdt_disable
<LI><a href="#[29]">&gt;&gt;</a>&nbsp;&nbsp;&nbsp;uart0_init
<LI><a href="#[2a]">&gt;&gt;</a>&nbsp;&nbsp;&nbsp;bim_select_sec
<LI><a href="#[20]">&gt;&gt;</a>&nbsp;&nbsp;&nbsp;bim_flash_init
<LI><a href="#[28]">&gt;&gt;</a>&nbsp;&nbsp;&nbsp;updata_memset32
</UL>
<BR>[Called By]<UL><LI><a href="#[8]">&gt;&gt;</a>&nbsp;&nbsp;&nbsp;sys_Reset (via Veneer)
</UL>

<P><STRONG><a name="[10]"></a>bim_printf</STRONG> (Thumb, 108 bytes, Stack size 0 bytes, bim_uart2 .o(i.bim_printf))
<BR><BR>[Calls]<UL><LI><a href="#[2c]">&gt;&gt;</a>&nbsp;&nbsp;&nbsp;printf_string
<LI><a href="#[2d]">&gt;&gt;</a>&nbsp;&nbsp;&nbsp;printf_hex
<LI><a href="#[2b]">&gt;&gt;</a>&nbsp;&nbsp;&nbsp;uart_send_byte
</UL>
<BR>[Called By]<UL><LI><a href="#[2f]">&gt;&gt;</a>&nbsp;&nbsp;&nbsp;bim_updata_backup_to_image_sec
<LI><a href="#[15]">&gt;&gt;</a>&nbsp;&nbsp;&nbsp;bim_check_backup_sec_status
<LI><a href="#[1c]">&gt;&gt;</a>&nbsp;&nbsp;&nbsp;flash_erase
<LI><a href="#[f]">&gt;&gt;</a>&nbsp;&nbsp;&nbsp;Irq_Exception (via Veneer)
<LI><a href="#[3b]">&gt;&gt;</a>&nbsp;&nbsp;&nbsp;reset_register_dump
</UL>

<P><STRONG><a name="[2a]"></a>bim_select_sec</STRONG> (Thumb, 34 bytes, Stack size 0 bytes, bim_updataimage.o(i.bim_select_sec))
<BR><BR>[Calls]<UL><LI><a href="#[2f]">&gt;&gt;</a>&nbsp;&nbsp;&nbsp;bim_updata_backup_to_image_sec
<LI><a href="#[1b]">&gt;&gt;</a>&nbsp;&nbsp;&nbsp;bim_erase_image_sec
<LI><a href="#[19]">&gt;&gt;</a>&nbsp;&nbsp;&nbsp;bim_clear_magic_num
<LI><a href="#[15]">&gt;&gt;</a>&nbsp;&nbsp;&nbsp;bim_check_backup_sec_status
<LI><a href="#[2e]">&gt;&gt;</a>&nbsp;&nbsp;&nbsp;flash_wp_none
<LI><a href="#[23]">&gt;&gt;</a>&nbsp;&nbsp;&nbsp;flash_wp_ALL
</UL>
<BR>[Called By]<UL><LI><a href="#[26]">&gt;&gt;</a>&nbsp;&nbsp;&nbsp;bim_main
</UL>

<P><STRONG><a name="[2f]"></a>bim_updata_backup_to_image_sec</STRONG> (Thumb, 78 bytes, Stack size 0 bytes, bim_updataimage.o(i.bim_updata_backup_to_image_sec))
<BR><BR>[Calls]<UL><LI><a href="#[17]">&gt;&gt;</a>&nbsp;&nbsp;&nbsp;__aeabi_uread4
<LI><a href="#[1a]">&gt;&gt;</a>&nbsp;&nbsp;&nbsp;flash_write
<LI><a href="#[1f]">&gt;&gt;</a>&nbsp;&nbsp;&nbsp;flash_read
<LI><a href="#[10]">&gt;&gt;</a>&nbsp;&nbsp;&nbsp;bim_printf
</UL>
<BR>[Called By]<UL><LI><a href="#[2a]">&gt;&gt;</a>&nbsp;&nbsp;&nbsp;bim_select_sec
</UL>

<P><STRONG><a name="[18]"></a>calc_backup_sec_crc</STRONG> (Thumb, 86 bytes, Stack size 0 bytes, bim_updataimage.o(i.calc_backup_sec_crc))
<BR><BR>[Calls]<UL><LI><a href="#[17]">&gt;&gt;</a>&nbsp;&nbsp;&nbsp;__aeabi_uread4
<LI><a href="#[30]">&gt;&gt;</a>&nbsp;&nbsp;&nbsp;make_crc32_table
<LI><a href="#[31]">&gt;&gt;</a>&nbsp;&nbsp;&nbsp;make_crc32
<LI><a href="#[1f]">&gt;&gt;</a>&nbsp;&nbsp;&nbsp;flash_read
</UL>
<BR>[Called By]<UL><LI><a href="#[15]">&gt;&gt;</a>&nbsp;&nbsp;&nbsp;bim_check_backup_sec_status
</UL>

<P><STRONG><a name="[37]"></a>clr_flash_qwfr</STRONG> (Thumb, 74 bytes, Stack size 0 bytes, bim_flash.o(i.clr_flash_qwfr))
<BR><BR>[Called By]<UL><LI><a href="#[22]">&gt;&gt;</a>&nbsp;&nbsp;&nbsp;flash_set_dual_mode
</UL>

<P><STRONG><a name="[1c]"></a>flash_erase</STRONG> (Thumb, 124 bytes, Stack size 0 bytes, bim_flash.o(i.flash_erase))
<BR><BR>[Calls]<UL><LI><a href="#[1e]">&gt;&gt;</a>&nbsp;&nbsp;&nbsp;flash_erase_sector
<LI><a href="#[1d]">&gt;&gt;</a>&nbsp;&nbsp;&nbsp;bim_flash_erase_part_sector
<LI><a href="#[10]">&gt;&gt;</a>&nbsp;&nbsp;&nbsp;bim_printf
</UL>
<BR>[Called By]<UL><LI><a href="#[1b]">&gt;&gt;</a>&nbsp;&nbsp;&nbsp;bim_erase_image_sec
</UL>

<P><STRONG><a name="[1e]"></a>flash_erase_sector</STRONG> (Thumb, 64 bytes, Stack size 0 bytes, bim_flash.o(i.flash_erase_sector))
<BR><BR>[Calls]<UL><LI><a href="#[35]">&gt;&gt;</a>&nbsp;&nbsp;&nbsp;__ARM_common_enable_irq (via BLX)
<LI><a href="#[34]">&gt;&gt;</a>&nbsp;&nbsp;&nbsp;__ARM_common_enable_fiq (via BLX)
<LI><a href="#[33]">&gt;&gt;</a>&nbsp;&nbsp;&nbsp;__ARM_common_disable_irq (via BLX)
<LI><a href="#[32]">&gt;&gt;</a>&nbsp;&nbsp;&nbsp;__ARM_common_disable_fiq (via BLX)
</UL>
<BR>[Called By]<UL><LI><a href="#[1c]">&gt;&gt;</a>&nbsp;&nbsp;&nbsp;flash_erase
<LI><a href="#[1d]">&gt;&gt;</a>&nbsp;&nbsp;&nbsp;bim_flash_erase_part_sector
</UL>

<P><STRONG><a name="[1f]"></a>flash_read</STRONG> (Thumb, 48 bytes, Stack size 0 bytes, bim_flash.o(i.flash_read))
<BR><BR>[Calls]<UL><LI><a href="#[36]">&gt;&gt;</a>&nbsp;&nbsp;&nbsp;flash_read_data
<LI><a href="#[35]">&gt;&gt;</a>&nbsp;&nbsp;&nbsp;__ARM_common_enable_irq (via BLX)
<LI><a href="#[34]">&gt;&gt;</a>&nbsp;&nbsp;&nbsp;__ARM_common_enable_fiq (via BLX)
<LI><a href="#[33]">&gt;&gt;</a>&nbsp;&nbsp;&nbsp;__ARM_common_disable_irq (via BLX)
<LI><a href="#[32]">&gt;&gt;</a>&nbsp;&nbsp;&nbsp;__ARM_common_disable_fiq (via BLX)
</UL>
<BR>[Called By]<UL><LI><a href="#[18]">&gt;&gt;</a>&nbsp;&nbsp;&nbsp;calc_backup_sec_crc
<LI><a href="#[2f]">&gt;&gt;</a>&nbsp;&nbsp;&nbsp;bim_updata_backup_to_image_sec
<LI><a href="#[16]">&gt;&gt;</a>&nbsp;&nbsp;&nbsp;bim_get_psec_backup_header
<LI><a href="#[1d]">&gt;&gt;</a>&nbsp;&nbsp;&nbsp;bim_flash_erase_part_sector
</UL>

<P><STRONG><a name="[36]"></a>flash_read_data</STRONG> (Thumb, 102 bytes, Stack size 0 bytes, bim_flash.o(i.flash_read_data))
<BR><BR>[Called By]<UL><LI><a href="#[3a]">&gt;&gt;</a>&nbsp;&nbsp;&nbsp;flash_write_page_data
<LI><a href="#[39]">&gt;&gt;</a>&nbsp;&nbsp;&nbsp;flash_write_data
<LI><a href="#[1f]">&gt;&gt;</a>&nbsp;&nbsp;&nbsp;flash_read
</UL>

<P><STRONG><a name="[22]"></a>flash_set_dual_mode</STRONG> (Thumb, 32 bytes, Stack size 0 bytes, bim_flash.o(i.flash_set_dual_mode))
<BR><BR>[Calls]<UL><LI><a href="#[37]">&gt;&gt;</a>&nbsp;&nbsp;&nbsp;clr_flash_qwfr
</UL>
<BR>[Called By]<UL><LI><a href="#[20]">&gt;&gt;</a>&nbsp;&nbsp;&nbsp;bim_flash_init
</UL>

<P><STRONG><a name="[23]"></a>flash_wp_ALL</STRONG> (Thumb, 86 bytes, Stack size 0 bytes, bim_flash.o(i.flash_wp_ALL))
<BR><BR>[Calls]<UL><LI><a href="#[38]">&gt;&gt;</a>&nbsp;&nbsp;&nbsp;flash_write_sr
</UL>
<BR>[Called By]<UL><LI><a href="#[2a]">&gt;&gt;</a>&nbsp;&nbsp;&nbsp;bim_select_sec
<LI><a href="#[20]">&gt;&gt;</a>&nbsp;&nbsp;&nbsp;bim_flash_init
</UL>

<P><STRONG><a name="[2e]"></a>flash_wp_none</STRONG> (Thumb, 12 bytes, Stack size 0 bytes, bim_flash.o(i.flash_wp_none))
<BR><BR>[Calls]<UL><LI><a href="#[38]">&gt;&gt;</a>&nbsp;&nbsp;&nbsp;flash_write_sr
</UL>
<BR>[Called By]<UL><LI><a href="#[2a]">&gt;&gt;</a>&nbsp;&nbsp;&nbsp;bim_select_sec
</UL>

<P><STRONG><a name="[1a]"></a>flash_write</STRONG> (Thumb, 48 bytes, Stack size 0 bytes, bim_flash.o(i.flash_write))
<BR><BR>[Calls]<UL><LI><a href="#[39]">&gt;&gt;</a>&nbsp;&nbsp;&nbsp;flash_write_data
<LI><a href="#[35]">&gt;&gt;</a>&nbsp;&nbsp;&nbsp;__ARM_common_enable_irq (via BLX)
<LI><a href="#[34]">&gt;&gt;</a>&nbsp;&nbsp;&nbsp;__ARM_common_enable_fiq (via BLX)
<LI><a href="#[33]">&gt;&gt;</a>&nbsp;&nbsp;&nbsp;__ARM_common_disable_irq (via BLX)
<LI><a href="#[32]">&gt;&gt;</a>&nbsp;&nbsp;&nbsp;__ARM_common_disable_fiq (via BLX)
</UL>
<BR>[Called By]<UL><LI><a href="#[2f]">&gt;&gt;</a>&nbsp;&nbsp;&nbsp;bim_updata_backup_to_image_sec
<LI><a href="#[19]">&gt;&gt;</a>&nbsp;&nbsp;&nbsp;bim_clear_magic_num
<LI><a href="#[1d]">&gt;&gt;</a>&nbsp;&nbsp;&nbsp;bim_flash_erase_part_sector
</UL>

<P><STRONG><a name="[39]"></a>flash_write_data</STRONG> (Thumb, 170 bytes, Stack size 0 bytes, bim_flash.o(i.flash_write_data))
<BR><BR>[Calls]<UL><LI><a href="#[b]">&gt;&gt;</a>&nbsp;&nbsp;&nbsp;__aeabi_memset
<LI><a href="#[36]">&gt;&gt;</a>&nbsp;&nbsp;&nbsp;flash_read_data
</UL>
<BR>[Called By]<UL><LI><a href="#[1a]">&gt;&gt;</a>&nbsp;&nbsp;&nbsp;flash_write
</UL>

<P><STRONG><a name="[3a]"></a>flash_write_page_data</STRONG> (Thumb, 216 bytes, Stack size 0 bytes, bim_flash.o(i.flash_write_page_data), UNUSED)
<BR><BR>[Calls]<UL><LI><a href="#[b]">&gt;&gt;</a>&nbsp;&nbsp;&nbsp;__aeabi_memset
<LI><a href="#[36]">&gt;&gt;</a>&nbsp;&nbsp;&nbsp;flash_read_data
</UL>

<P><STRONG><a name="[38]"></a>flash_write_sr</STRONG> (Thumb, 92 bytes, Stack size 0 bytes, bim_flash.o(i.flash_write_sr))
<BR><BR>[Calls]<UL><LI><a href="#[21]">&gt;&gt;</a>&nbsp;&nbsp;&nbsp;get_flash_ID
</UL>
<BR>[Called By]<UL><LI><a href="#[2e]">&gt;&gt;</a>&nbsp;&nbsp;&nbsp;flash_wp_none
<LI><a href="#[23]">&gt;&gt;</a>&nbsp;&nbsp;&nbsp;flash_wp_ALL
</UL>

<P><STRONG><a name="[21]"></a>get_flash_ID</STRONG> (Thumb, 34 bytes, Stack size 0 bytes, bim_flash.o(i.get_flash_ID))
<BR><BR>[Called By]<UL><LI><a href="#[38]">&gt;&gt;</a>&nbsp;&nbsp;&nbsp;flash_write_sr
<LI><a href="#[20]">&gt;&gt;</a>&nbsp;&nbsp;&nbsp;bim_flash_init
</UL>

<P><STRONG><a name="[31]"></a>make_crc32</STRONG> (Thumb, 28 bytes, Stack size 0 bytes, bim_updataimage.o(i.make_crc32))
<BR><BR>[Called By]<UL><LI><a href="#[18]">&gt;&gt;</a>&nbsp;&nbsp;&nbsp;calc_backup_sec_crc
</UL>

<P><STRONG><a name="[30]"></a>make_crc32_table</STRONG> (Thumb, 44 bytes, Stack size 0 bytes, bim_updataimage.o(i.make_crc32_table))
<BR><BR>[Called By]<UL><LI><a href="#[18]">&gt;&gt;</a>&nbsp;&nbsp;&nbsp;calc_backup_sec_crc
</UL>

<P><STRONG><a name="[2d]"></a>printf_hex</STRONG> (Thumb, 64 bytes, Stack size 0 bytes, bim_uart2 .o(i.printf_hex))
<BR><BR>[Calls]<UL><LI><a href="#[2b]">&gt;&gt;</a>&nbsp;&nbsp;&nbsp;uart_send_byte
</UL>
<BR>[Called By]<UL><LI><a href="#[10]">&gt;&gt;</a>&nbsp;&nbsp;&nbsp;bim_printf
</UL>

<P><STRONG><a name="[2c]"></a>printf_string</STRONG> (Thumb, 20 bytes, Stack size 0 bytes, bim_uart2 .o(i.printf_string))
<BR><BR>[Calls]<UL><LI><a href="#[2b]">&gt;&gt;</a>&nbsp;&nbsp;&nbsp;uart_send_byte
</UL>
<BR>[Called By]<UL><LI><a href="#[10]">&gt;&gt;</a>&nbsp;&nbsp;&nbsp;bim_printf
</UL>

<P><STRONG><a name="[3b]"></a>reset_register_dump</STRONG> (Thumb, 22 bytes, Stack size 0 bytes, bim_app.o(i.reset_register_dump), UNUSED)
<BR><BR>[Calls]<UL><LI><a href="#[10]">&gt;&gt;</a>&nbsp;&nbsp;&nbsp;bim_printf
</UL>

<P><STRONG><a name="[29]"></a>uart0_init</STRONG> (Thumb, 66 bytes, Stack size 0 bytes, bim_uart2 .o(i.uart0_init))
<BR><BR>[Calls]<UL><LI><a href="#[3c]">&gt;&gt;</a>&nbsp;&nbsp;&nbsp;__aeabi_uidivmod
</UL>
<BR>[Called By]<UL><LI><a href="#[26]">&gt;&gt;</a>&nbsp;&nbsp;&nbsp;bim_main
</UL>

<P><STRONG><a name="[3d]"></a>uart2_init</STRONG> (Thumb, 66 bytes, Stack size 0 bytes, bim_uart2 .o(i.uart2_init), UNUSED)
<BR><BR>[Calls]<UL><LI><a href="#[3c]">&gt;&gt;</a>&nbsp;&nbsp;&nbsp;__aeabi_uidivmod
</UL>

<P><STRONG><a name="[28]"></a>updata_memset32</STRONG> (Thumb, 14 bytes, Stack size 0 bytes, bim_app.o(i.updata_memset32))
<BR><BR>[Called By]<UL><LI><a href="#[26]">&gt;&gt;</a>&nbsp;&nbsp;&nbsp;bim_main
</UL>

<P><STRONG><a name="[27]"></a>wdt_disable</STRONG> (Thumb, 16 bytes, Stack size 0 bytes, bim_wdt.o(i.wdt_disable))
<BR><BR>[Called By]<UL><LI><a href="#[26]">&gt;&gt;</a>&nbsp;&nbsp;&nbsp;bim_main
</UL>

<P><STRONG><a name="[e]"></a>wdt_enable</STRONG> (Thumb, 18 bytes, Stack size 0 bytes, bim_wdt.o(i.wdt_enable))
<BR><BR>[Called By]<UL><LI><a href="#[14]">&gt;&gt;</a>&nbsp;&nbsp;&nbsp;Undefined_Exception
<LI><a href="#[13]">&gt;&gt;</a>&nbsp;&nbsp;&nbsp;SoftwareInterrupt_Exception
<LI><a href="#[12]">&gt;&gt;</a>&nbsp;&nbsp;&nbsp;Reserved_Exception
<LI><a href="#[11]">&gt;&gt;</a>&nbsp;&nbsp;&nbsp;PrefetchAbort_Exception
<LI><a href="#[d]">&gt;&gt;</a>&nbsp;&nbsp;&nbsp;DataAbort_Exception
</UL>
<P>
<H3>
Local Symbols
</H3>
<P><STRONG><a name="[3e]"></a>[Anonymous Symbol]</STRONG> (ARM, 0 bytes, Stack size 0 bytes, bim_vectors.o(ABSOLUTE))
<BR><BR>[Called By]<UL><LI><a href="#[1]">&gt;&gt;</a>&nbsp;&nbsp;&nbsp;Undefined
</UL>

<P><STRONG><a name="[3f]"></a>[Anonymous Symbol]</STRONG> (ARM, 0 bytes, Stack size 0 bytes, bim_vectors.o(ABSOLUTE))
<BR><BR>[Called By]<UL><LI><a href="#[2]">&gt;&gt;</a>&nbsp;&nbsp;&nbsp;SoftwareInterrupt
</UL>

<P><STRONG><a name="[40]"></a>[Anonymous Symbol]</STRONG> (ARM, 0 bytes, Stack size 0 bytes, bim_vectors.o(ABSOLUTE))
<BR><BR>[Called By]<UL><LI><a href="#[3]">&gt;&gt;</a>&nbsp;&nbsp;&nbsp;PrefetchAbort
</UL>

<P><STRONG><a name="[41]"></a>[Anonymous Symbol]</STRONG> (ARM, 0 bytes, Stack size 0 bytes, bim_vectors.o(ABSOLUTE))
<BR><BR>[Called By]<UL><LI><a href="#[4]">&gt;&gt;</a>&nbsp;&nbsp;&nbsp;DataAbort
</UL>

<P><STRONG><a name="[44]"></a>[Anonymous Symbol]</STRONG> (ARM, 0 bytes, Stack size 0 bytes, bim_vectors.o(ABSOLUTE))
<BR><BR>[Called By]<UL><LI><a href="#[5]">&gt;&gt;</a>&nbsp;&nbsp;&nbsp;sys_reserved
</UL>

<P><STRONG><a name="[42]"></a>[Anonymous Symbol]</STRONG> (ARM, 0 bytes, Stack size 0 bytes, bim_vectors.o(ABSOLUTE))
<BR><BR>[Called By]<UL><LI><a href="#[6]">&gt;&gt;</a>&nbsp;&nbsp;&nbsp;IRQ_Handler
</UL>

<P><STRONG><a name="[43]"></a>[Anonymous Symbol]</STRONG> (ARM, 0 bytes, Stack size 0 bytes, bim_vectors.o(ABSOLUTE))
<BR><BR>[Called By]<UL><LI><a href="#[7]">&gt;&gt;</a>&nbsp;&nbsp;&nbsp;FIQ_Handler
</UL>

<P><STRONG><a name="[1]"></a>Undefined</STRONG> (ARM, 0 bytes, Stack size 0 bytes, bim_vectors.o(SYS_BOOT))
<BR><BR>[Calls]<UL><LI><a href="#[3e]">&gt;&gt;</a>&nbsp;&nbsp;&nbsp;[Anonymous Symbol]
</UL>
<BR>[Address Reference Count : 1]<UL><LI> bim_vectors.o(SYS_BOOT)
</UL>
<P><STRONG><a name="[2]"></a>SoftwareInterrupt</STRONG> (ARM, 0 bytes, Stack size 0 bytes, bim_vectors.o(SYS_BOOT))
<BR><BR>[Calls]<UL><LI><a href="#[3f]">&gt;&gt;</a>&nbsp;&nbsp;&nbsp;[Anonymous Symbol]
<LI><a href="#[13]">&gt;&gt;</a>&nbsp;&nbsp;&nbsp;SoftwareInterrupt_Exception (via Veneer)
</UL>
<BR>[Address Reference Count : 1]<UL><LI> bim_vectors.o(SYS_BOOT)
</UL>
<P><STRONG><a name="[3]"></a>PrefetchAbort</STRONG> (ARM, 0 bytes, Stack size 0 bytes, bim_vectors.o(SYS_BOOT))
<BR><BR>[Calls]<UL><LI><a href="#[40]">&gt;&gt;</a>&nbsp;&nbsp;&nbsp;[Anonymous Symbol]
<LI><a href="#[11]">&gt;&gt;</a>&nbsp;&nbsp;&nbsp;PrefetchAbort_Exception (via Veneer)
</UL>
<BR>[Address Reference Count : 1]<UL><LI> bim_vectors.o(SYS_BOOT)
</UL>
<P><STRONG><a name="[4]"></a>DataAbort</STRONG> (ARM, 0 bytes, Stack size 0 bytes, bim_vectors.o(SYS_BOOT))
<BR><BR>[Calls]<UL><LI><a href="#[41]">&gt;&gt;</a>&nbsp;&nbsp;&nbsp;[Anonymous Symbol]
<LI><a href="#[d]">&gt;&gt;</a>&nbsp;&nbsp;&nbsp;DataAbort_Exception (via Veneer)
</UL>
<BR>[Address Reference Count : 1]<UL><LI> bim_vectors.o(SYS_BOOT)
</UL>
<P><STRONG><a name="[6]"></a>IRQ_Handler</STRONG> (ARM, 0 bytes, Stack size 0 bytes, bim_vectors.o(SYS_BOOT))
<BR><BR>[Calls]<UL><LI><a href="#[42]">&gt;&gt;</a>&nbsp;&nbsp;&nbsp;[Anonymous Symbol]
<LI><a href="#[f]">&gt;&gt;</a>&nbsp;&nbsp;&nbsp;Irq_Exception
</UL>
<BR>[Address Reference Count : 1]<UL><LI> bim_vectors.o(SYS_BOOT)
</UL>
<P><STRONG><a name="[7]"></a>FIQ_Handler</STRONG> (ARM, 0 bytes, Stack size 0 bytes, bim_vectors.o(SYS_BOOT))
<BR><BR>[Calls]<UL><LI><a href="#[43]">&gt;&gt;</a>&nbsp;&nbsp;&nbsp;[Anonymous Symbol]
</UL>
<BR>[Address Reference Count : 1]<UL><LI> bim_vectors.o(SYS_BOOT)
</UL>
<P><STRONG><a name="[5]"></a>sys_reserved</STRONG> (ARM, 0 bytes, Stack size 0 bytes, bim_vectors.o(SYS_BOOT))
<BR><BR>[Calls]<UL><LI><a href="#[44]">&gt;&gt;</a>&nbsp;&nbsp;&nbsp;[Anonymous Symbol]
</UL>
<BR>[Address Reference Count : 1]<UL><LI> bim_vectors.o(SYS_BOOT)
</UL>
<P><STRONG><a name="[2b]"></a>uart_send_byte</STRONG> (Thumb, 12 bytes, Stack size 0 bytes, bim_uart2 .o(i.uart_send_byte))
<BR><BR>[Called By]<UL><LI><a href="#[2c]">&gt;&gt;</a>&nbsp;&nbsp;&nbsp;printf_string
<LI><a href="#[2d]">&gt;&gt;</a>&nbsp;&nbsp;&nbsp;printf_hex
<LI><a href="#[10]">&gt;&gt;</a>&nbsp;&nbsp;&nbsp;bim_printf
</UL>
<P>
<H3>
Undefined Global Symbols
</H3><HR></body></html>
