Component: ARM Compiler 5.06 update 6 (build 750) Tool: armlink [4d35ed]

==============================================================================

Memory Map of the image

  Image Entry point : 0x00000130

  Load Region SECTIONS (Base: 0x00000000, Size: 0x00001564, Max: 0xffffffff, ABSOLUTE)

    Execution Region ROM_SYS (Exec base: 0x00000000, Load base: 0x00000000, Size: 0x000002fc, Max: 0xffffffff, ABSOLUTE)

    Exec Addr    Load Addr    Size         Type   Attr      Idx    E Section Name        Object

    0x00000000   0x00000000   0x000000bc   Code   RO           17  * SYS_BOOT            bim_vectors.o
    0x000000bc   0x000000bc   0x00000044   PAD
    0x00000100   0x00000100   0x00000004   Data   RO            8    .ARM.__AT_0x00000100  bim_app.o
    0x00000104   0x00000104   0x00000004   Data   RO            9    .ARM.__AT_0x00000104  bim_app.o
    0x00000108   0x00000108   0x000001f4   Code   RO           18  * SYS_BOOT            bim_handlers.o


    Execution Region ROM (Exec base: 0x000002fc, Load base: 0x000002fc, Size: 0x0000125c, Max: 0xffffffff, ABSOLUTE)

    Exec Addr    Load Addr    Size         Type   Attr      Idx    E Section Name        Object

    0x000002fc   0x000002fc   0x0000002c   Code   RO           69    .text               mc_5.l(uidiv.o)
    0x00000328   0x00000328   0x00000024   Code   RO           70    .text               mc_5.l(memcpya.o)
    0x0000034c   0x0000034c   0x00000008   Ven    RO           10    i.DataAbort_Exception  bim_intc.o
    0x00000354   0x00000354   0x00000008   Code   RO           10    i.DataAbort_Exception  bim_intc.o
    0x0000035c   0x0000035c   0x00000020   Code   RO           11    i.Irq_Exception     bim_intc.o
    0x0000037c   0x0000037c   0x00000008   Ven    RO           12    i.PrefetchAbort_Exception  bim_intc.o
    0x00000384   0x00000384   0x00000008   Code   RO           12    i.PrefetchAbort_Exception  bim_intc.o
    0x0000038c   0x0000038c   0x00000008   Code   RO           13    i.Reserved_Exception  bim_intc.o
    0x00000394   0x00000394   0x00000008   Ven    RO           14    i.SoftwareInterrupt_Exception  bim_intc.o
    0x0000039c   0x0000039c   0x00000008   Code   RO           14    i.SoftwareInterrupt_Exception  bim_intc.o
    0x000003a4   0x000003a4   0x00000008   Code   RO           15    i.Undefined_Exception  bim_intc.o
    0x000003ac   0x000003ac   0x00000014   Code   RO           43    i.__ARM_common_disable_fiq  bim_flash.o
    0x000003c0   0x000003c0   0x00000014   Code   RO           42    i.__ARM_common_disable_irq  bim_flash.o
    0x000003d4   0x000003d4   0x00000010   Code   RO           41    i.__ARM_common_enable_fiq  bim_flash.o
    0x000003e4   0x000003e4   0x00000010   Code   RO           40    i.__ARM_common_enable_irq  bim_flash.o
    0x000003f4   0x000003f4   0x000000b8   Code   RO           54    i.bim_check_backup_sec_status  bim_updataimage.o
    0x000004ac   0x000004ac   0x00000148   Code   RO           55    i.bim_check_image_sec_status  bim_updataimage.o
    0x000005f4   0x000005f4   0x000000ac   Code   RO           56    i.bim_erase_backup_sec  bim_updataimage.o
    0x000006a0   0x000006a0   0x000000d4   Code   RO           57    i.bim_erase_image_sec  bim_updataimage.o
    0x00000774   0x00000774   0x0000012c   Code   RO           58    i.bim_get_psec_backup_header  bim_updataimage.o
    0x000008a0   0x000008a0   0x00000118   Code   RO           59    i.bim_get_psec_image_header  bim_updataimage.o
    0x000009b8   0x000009b8   0x00000008   Ven    RO            6    i.bim_main          bim_app.o
    0x000009c0   0x000009c0   0x00000060   Code   RO            6    i.bim_main          bim_app.o
    0x00000a20   0x00000a20   0x00000008   Ven    RO           44    i.bim_printf        bim_uart2 .o
    0x00000a28   0x00000a28   0x0000006c   Code   RO           44    i.bim_printf        bim_uart2 .o
    0x00000a94   0x00000a94   0x0000009c   Code   RO           60    i.bim_select_sec    bim_updataimage.o
    0x00000b30   0x00000b30   0x000000e8   Code   RO           61    i.bim_updata_backup_to_image_sec  bim_updataimage.o
    0x00000c18   0x00000c18   0x00000048   Code   RO           62    i.calc_backup_sec_crc  bim_updataimage.o
    0x00000c60   0x00000c60   0x000000a0   Code   RO           63    i.calc_image_sec_crc  bim_updataimage.o
    0x00000d00   0x00000d00   0x00000064   Code   RO           19    i.clr_flash_qwfr    bim_flash.o
    0x00000d64   0x00000d64   0x0000007c   Code   RO           20    i.flash_advance_init  bim_flash.o
    0x00000de0   0x00000de0   0x00000048   Code   RO           21    i.flash_erase       bim_flash.o
    0x00000e28   0x00000e28   0x00000044   Code   RO           22    i.flash_erase_one_block  bim_flash.o
    0x00000e6c   0x00000e6c   0x00000058   Code   RO           23    i.flash_erase_sector  bim_flash.o
    0x00000ec4   0x00000ec4   0x0000000a   Code   RO           24    i.flash_read        bim_flash.o
    0x00000ece   0x00000ece   0x00000002   PAD
    0x00000ed0   0x00000ed0   0x000000a0   Code   RO           25    i.flash_read_data   bim_flash.o
    0x00000f70   0x00000f70   0x00000024   Code   RO           26    i.flash_read_sr     bim_flash.o
    0x00000f94   0x00000f94   0x00000058   Code   RO           27    i.flash_set_qe      bim_flash.o
    0x00000fec   0x00000fec   0x0000006c   Code   RO           28    i.flash_wp_128k     bim_flash.o
    0x00001058   0x00001058   0x00000064   Code   RO           29    i.flash_wp_256k     bim_flash.o
    0x000010bc   0x000010bc   0x00000068   Code   RO           30    i.flash_wp_8k       bim_flash.o
    0x00001124   0x00001124   0x00000060   Code   RO           31    i.flash_wp_ALL      bim_flash.o
    0x00001184   0x00001184   0x00000038   Code   RO           32    i.flash_write       bim_flash.o
    0x000011bc   0x000011bc   0x00000100   Code   RO           33    i.flash_write_data  bim_flash.o
    0x000012bc   0x000012bc   0x000000d0   Code   RO           34    i.flash_write_sr    bim_flash.o
    0x0000138c   0x0000138c   0x0000002c   Code   RO           35    i.get_flash_ID      bim_flash.o
    0x000013b8   0x000013b8   0x00000002   Code   RO           50    i.icu_init          bim_icu.o
    0x000013ba   0x000013ba   0x00000002   PAD
    0x000013bc   0x000013bc   0x00000020   Code   RO           64    i.make_crc32        bim_updataimage.o
    0x000013dc   0x000013dc   0x00000034   Code   RO           65    i.make_crc32_table  bim_updataimage.o
    0x00001410   0x00001410   0x00000040   Code   RO           45    i.printf_hex        bim_uart2 .o
    0x00001450   0x00001450   0x00000014   Code   RO           46    i.printf_string     bim_uart2 .o
    0x00001464   0x00001464   0x00000030   Code   RO           36    i.set_flash_clk     bim_flash.o
    0x00001494   0x00001494   0x00000058   Code   RO           47    i.uart2_init        bim_uart2 .o
    0x000014ec   0x000014ec   0x00000010   Code   RO           48    i.uart2_send_byte   bim_uart2 .o
    0x000014fc   0x000014fc   0x0000000e   Code   RO            7    i.updata_memset32   bim_app.o
    0x0000150a   0x0000150a   0x00000002   PAD
    0x0000150c   0x0000150c   0x00000014   Code   RO           51    i.wdt_disable       bim_wdt.o
    0x00001520   0x00001520   0x00000018   Code   RO           52    i.wdt_enable        bim_wdt.o
    0x00001538   0x00001538   0x00000010   Code   RO           53    i.wdt_feed          bim_wdt.o
    0x00001548   0x00001548   0x0000000e   Data   RO           16    .constdata          bim_intc.o


    Execution Region PEND_FOR_FLASH (Exec base: 0x00400000, Load base: 0x00001558, Size: 0x00000020, Max: 0x00000020, ABSOLUTE)

    Exec Addr    Load Addr    Size         Type   Attr      Idx    E Section Name        Object

    0x00400000        -       0x00000020   Zero   RW            1    PEND_FOR_FLASH.bss  anon$$obj.o


    Execution Region RAM_DATA (Exec base: 0x00400020, Load base: 0x00001558, Size: 0x0000000c, Max: 0xffffffff, ABSOLUTE)

    Exec Addr    Load Addr    Size         Type   Attr      Idx    E Section Name        Object

    0x00400020   0x00001558   0x0000000c   Data   RW           38    .data               bim_flash.o


    Execution Region RAM_BSS (Exec base: 0x0040002c, Load base: 0x00001564, Size: 0x000004bc, Max: 0xffffffff, ABSOLUTE)

    Exec Addr    Load Addr    Size         Type   Attr      Idx    E Section Name        Object

    0x0040002c        -       0x0000000c   Zero   RW           37    .bss                bim_flash.o
    0x00400038        -       0x00000080   Zero   RW           49    .bss                bim_uart2 .o
    0x004000b8        -       0x00000430   Zero   RW           66    .bss                bim_updataimage.o


    Execution Region RAM_STACK_UNUSED (Exec base: 0x0040f72c, Load base: 0x00001564, Size: 0x00000200, Max: 0x00000200, ABSOLUTE)

    Exec Addr    Load Addr    Size         Type   Attr      Idx    E Section Name        Object

    0x0040f72c        -       0x00000200   Zero   RW            2    RAM_STACK_UNUSED.bss  anon$$obj.o


    Execution Region RAM_STACK_SVC (Exec base: 0x0040f92c, Load base: 0x00001564, Size: 0x000002f0, Max: 0x000002f0, ABSOLUTE)

    Exec Addr    Load Addr    Size         Type   Attr      Idx    E Section Name        Object

    0x0040f92c        -       0x000002f0   Zero   RW            3    RAM_STACK_SVC.bss   anon$$obj.o


    Execution Region RAM_STACK_IRQ (Exec base: 0x0040fc1c, Load base: 0x00001564, Size: 0x000001f0, Max: 0x000001f0, ABSOLUTE)

    Exec Addr    Load Addr    Size         Type   Attr      Idx    E Section Name        Object

    0x0040fc1c        -       0x000001f0   Zero   RW            4    RAM_STACK_IRQ.bss   anon$$obj.o


    Execution Region RAM_STACK_FIQ (Exec base: 0x0040fe0c, Load base: 0x00001564, Size: 0x000001f0, Max: 0x000001f0, ABSOLUTE)

    Exec Addr    Load Addr    Size         Type   Attr      Idx    E Section Name        Object

    0x0040fe0c        -       0x000001f0   Zero   RW            5    RAM_STACK_FIQ.bss   anon$$obj.o


==============================================================================

Image component sizes


      Code (inc. data)   RO Data    RW Data    ZI Data      Debug   Object Name

       110         42          8          0          0          0   bim_app.o
      1838        268          0         12         12          0   bim_flash.o
       500         76          0          0          0          0   bim_handlers.o
         2          0          0          0          0          0   bim_icu.o
        72         20         14          0          0          0   bim_intc.o
       296         26          0          0        128          0   bim_uart2 .o
      2180        972          0          0       1072          0   bim_updataimage.o
       188         32          0          0          0          0   bim_vectors.o
        60         14          0          0          0          0   bim_wdt.o

    ----------------------------------------------------------------------
      5360       1450         24         12       3500          0   Object Totals
        40          0          0          0       2288          0   (incl. Generated)
        74          0          2          0          0          0   (incl. Padding)

    ----------------------------------------------------------------------

      Code (inc. data)   RO Data    RW Data    ZI Data      Debug   Library Member Name

        36          0          0          0          0          0   memcpya.o
        44          0          0          0          0          0   uidiv.o

    ----------------------------------------------------------------------
        80          0          0          0          0          0   Library Totals
         0          0          0          0          0          0   (incl. Padding)

    ----------------------------------------------------------------------

      Code (inc. data)   RO Data    RW Data    ZI Data      Debug   Library Name

        80          0          0          0          0          0   mc_5.l

    ----------------------------------------------------------------------
        80          0          0          0          0          0   Library Totals

    ----------------------------------------------------------------------

==============================================================================


      Code (inc. data)   RO Data    RW Data    ZI Data      Debug   

      5440       1450         24         12       3500          0   Grand Totals
      5440       1450         24         12       3500          0   ELF Image Totals
      5440       1450         24         12          0          0   ROM Totals

==============================================================================

    Total RO  Size (Code + RO Data)                 5464 (   5.34kB)
    Total RW  Size (RW Data + ZI Data)              3512 (   3.43kB)
    Total ROM Size (Code + RO Data + RW Data)       5476 (   5.35kB)

==============================================================================

